// Jest Snapshot v1, https://goo.gl/fbAQLP

exports[`should render list of dogs 1`] = `
<div>
  <div>
    <div
      class="dogs-style"
    >
      <div
        class="dog-card"
      >
        <a
          class="dog-list"
          href="/dogs/6"
        >
          <h3>
            Meet 
            Etta
          </h3>
          <img
            src="https://placedog.net/1000/563?id=21"
          />
          <p
            class="dog-card-p"
          >
            Etta
             is a(n) 
            Frenchie
          </p>
        </a>
      </div>
      <div
        class="dog-card"
      >
        <a
          class="dog-list"
          href="/dogs/4"
        >
          <h3>
            Meet 
            Kaya
          </h3>
          <img
            src="https://placedog.net/1000/563?id=118"
          />
          <p
            class="dog-card-p"
          >
            Kaya
             is a(n) 
            German shepherd mix
          </p>
        </a>
      </div>
      <div
        class="dog-card"
      >
        <a
          class="dog-list"
          href="/dogs/18"
        >
          <h3>
            Meet 
            Not a Dog
          </h3>
          <img
            src="https://placekitten.com/200/300"
          />
          <p
            class="dog-card-p"
          >
            Not a Dog
             is a(n) 
            Cat
          </p>
        </a>
      </div>
      <div
        class="dog-card"
      >
        <a
          class="dog-list"
          href="/dogs/3"
        >
          <h3>
            Meet 
            Poppy
          </h3>
          <img
            src="https://placedog.net/1000/563?id=125"
          />
          <p
            class="dog-card-p"
          >
            Poppy
             is a(n) 
            Border collie mix
          </p>
        </a>
      </div>
      <div
        class="dog-card"
      >
        <a
          class="dog-list"
          href="/dogs/1"
        >
          <h3>
            Meet 
            Sitka
          </h3>
          <img
            src="https://placedog.net/1000/563?id=73"
          />
          <p
            class="dog-card-p"
          >
            Sitka
             is a(n) 
            Cattle Dog Mix
          </p>
        </a>
      </div>
      <div
        class="dog-card"
      >
        <a
          class="dog-list"
          href="/dogs/2"
        >
          <h3>
            Meet 
            Xavi
          </h3>
          <img
            src="https://placedog.net/1000/563?id=83"
          />
          <p
            class="dog-card-p"
          >
            Xavi
             is a(n) 
            Cattle dog mix
          </p>
        </a>
      </div>
    </div>
  </div>
</div>
`;
