// Jest Snapshot v1, https://goo.gl/fbAQLP

exports[`should render a dog's details 1`] = `
<div>
  <div>
    <div
      class="dog-detail"
    >
      <h3>
        Meet 
        Poppy
      </h3>
      <img
        src="https://placedog.net/1000/563?id=125"
      />
      <p>
        Poppy
         is a(n) 
        Border collie mix
      </p>
      <p>
        What a cutie. Poppy is gentle and calm. She loves babies, dandelions, and long walks. Her ears flop when she runs, and she'll snuggle with you all day long. 
      </p>
      <button>
        <a
          href="/dogs/3/edit"
        >
          Edit
        </a>
      </button>
      <button>
        Delete
      </button>
    </div>
  </div>
</div>
`;
