// Jest Snapshot v1, https://goo.gl/fbAQLP

exports[`should render the dog form with admin access 1`] = `
<div>
  <div>
    <p
      class="message"
    />
    <div
      class="dog-form-div"
    >
      <form
        class="dog-form"
      >
        <label
          class="form-detail"
        >
          Dog Name:
        </label>
        <input
          class="form-detail"
          placeholder="enter name"
          required=""
          type="text"
          value=""
        />
        <label>
          Dog Breed:
        </label>
        <input
          placeholder="enter breed"
          type="text"
          value=""
        />
        <label>
          Image Link:
        </label>
        <input
          placeholder="enter image url"
          type="text"
          value=""
        />
        <label>
          Dog Bio:
        </label>
        <textarea
          class="dog-bio"
          placeholder="enter bio"
        />
        <button>
          Save
        </button>
      </form>
    </div>
  </div>
</div>
`;
