// Jest Snapshot v1, https://goo.gl/fbAQLP

exports[`should render the DogEdit component 1`] = `
<div>
  <div>
    <div
      class="dog-form-div"
    >
      <form
        class="dog-form"
      >
        <label
          class="form-detail"
        >
          Dog Name:
        </label>
        <input
          class="form-detail"
          placeholder="enter name"
          required=""
          type="text"
          value="Poppy"
        />
        <label>
          Dog Breed:
        </label>
        <input
          placeholder="enter breed"
          type="text"
          value="Border collie mix"
        />
        <label>
          Image Link:
        </label>
        <input
          placeholder="enter image url"
          type="text"
          value="https://placedog.net/1000/563?id=125"
        />
        <label>
          Dog Bio:
        </label>
        <textarea
          class="dog-bio"
          placeholder="enter bio"
        >
          What a cutie. Poppy is gentle and calm. She loves babies, dandelions, and long walks. Her ears flop when she runs, and she'll snuggle with you all day long. 
        </textarea>
        <button
          class=""
        >
          Save
        </button>
      </form>
    </div>
  </div>
</div>
`;
